// Jest Snapshot v1, https://goo.gl/fbAQLP

exports[`<ResultsHeader /> should render the heading 1`] = `
.c1 {
  display: -webkit-inline-box;
  display: -webkit-inline-flex;
  display: -ms-inline-flexbox;
  display: inline-flex;
  -webkit-align-items: center;
  -webkit-box-align: center;
  -ms-flex-align: center;
  align-items: center;
  -webkit-flex-wrap: wrap;
  -ms-flex-wrap: wrap;
  flex-wrap: wrap;
  position: relative;
  gap: 1ch;
}

.c1 span {
  --offset: 0.15em;
  --diameter: 1.2em;
  display: -webkit-inline-box;
  display: -webkit-inline-flex;
  display: -ms-inline-flexbox;
  display: inline-flex;
  -webkit-align-items: center;
  -webkit-box-align: center;
  -ms-flex-align: center;
  align-items: center;
  -webkit-box-pack: space-around;
  -webkit-justify-content: space-around;
  -ms-flex-pack: space-around;
  justify-content: space-around;
  width: calc(var(--diameter) * 2 + var(--offset) * 2);
  height: calc(var(--diameter) + var(--offset) * 2);
  box-sizing: content-box;
  border: 0.1em solid rgb(0 0 0 / 0.2);
  position: relative;
  border-radius: 100vw;
  background-color: #E65A6D;
  -webkit-transition: 250ms;
  transition: 250ms;
  cursor: pointer;
}

.c1 span::before {
  content: '';
  width: var(--diameter);
  height: var(--diameter);
  border-radius: 50%;
  box-sizing: border-box;
  border: 0.1 solid rgb(0 0 0 / 0.2);
  position: absolute;
  z-index: 2;
  top: 50%;
  left: var(--offset);
  -webkit-transform: translate(0,-50%);
  -ms-transform: translate(0,-50%);
  transform: translate(0,-50%);
  background-color: #fff;
  -webkit-transition: inherit;
  transition: inherit;
}

.c1 input {
  position: absolute;
  opacity: 0;
  width: 100%;
  height: 100%;
  cursor: pointer;
}

.c1 input:focus + span {
  outline: 1px dotted #212121;
  outline: 1px auto -webkit-focus-ring-color;
}

.c1 input:focus:focus:not(:focus-visible) + span {
  outline: 0;
}

.c1 input:checked + span {
  background-color: #3cd3c1;
}

.c1 input:checked + span::before {
  -webkit-transform: translate(100%,-50%);
  -ms-transform: translate(100%,-50%);
  transform: translate(100%,-50%);
}

.c1 input:disabled + span {
  opacity: 0.6;
  -webkit-filter: grayscale(40%);
  filter: grayscale(40%);
  cursor: not-allowed;
}

.c0 {
  display: -webkit-box;
  display: -webkit-flex;
  display: -ms-flexbox;
  display: flex;
  background-color: #030517;
  padding: 1.6rem 0;
  margin: 1.6rem 0;
  width: 100%;
  max-width: 96rem;
  -webkit-align-items: center;
  -webkit-box-align: center;
  -ms-flex-align: center;
  align-items: center;
  -webkit-box-pack: justify;
  -webkit-justify-content: space-between;
  -ms-flex-pack: justify;
  justify-content: space-between;
  position: -webkit-sticky;
  position: sticky;
  top: -1px;
  z-index: 2;
}

@media (prefers-reduced-motion:reduce) {
  .c1 span {
    -webkit-transition-duration: 0ms;
    transition-duration: 0ms;
  }
}

<div
  class="c0"
>
  <label
    class="c1"
    for="toggle"
  >
    <input
      id="hideTaken"
      name="toggle"
      type="checkbox"
      value=""
    />
    <span
      hidden=""
    >
      <svg
        aria-hidden="true"
        class="Toggle__icon Toggle__icon--checkmark"
        fill="none"
        focusable="false"
        height="14"
        viewBox="0 0 18 14"
        width="10"
        xmlns="http://www.w3.org/2000/svg"
      >
        <path
          d="M6.08471 10.6237L2.29164 6.83059L1 8.11313L6.08471 13.1978L17 2.28255L15.7175 1L6.08471 10.6237Z"
          fill="currentcolor"
          stroke="currentcolor"
        />
      </svg>
      <svg
        aria-hidden="true"
        class="Toggle__icon Toggle__icon--cross"
        fill="none"
        focusable="false"
        height="13"
        viewBox="0 0 13 13"
        width="10"
        xmlns="http://www.w3.org/2000/svg"
      >
        <path
          d="M11.167 0L6.5 4.667L1.833 0L0 1.833L4.667 6.5L0 11.167L1.833 13L6.5 8.333L11.167 13L13 11.167L8.333 6.5L13 1.833L11.167 0Z"
          fill="currentcolor"
        />
      </svg>
    </span>
    Only show available domains.
  </label>
  <span>
    2 domains available. 11 taken.
  </span>
</div>
`
