// Jest Snapshot v1, https://goo.gl/fbAQLP

exports[`<Domain /> should render the domain row 1`] = `
.c3 {
  display: -webkit-inline-box;
  display: -webkit-inline-flex;
  display: -ms-inline-flexbox;
  display: inline-flex;
  -webkit-align-items: center;
  -webkit-box-align: center;
  -ms-flex-align: center;
  align-items: center;
  -webkit-box-pack: center;
  -webkit-justify-content: center;
  -ms-flex-pack: center;
  justify-content: center;
  background: #E65A6D;
  color: #FAFAFA;
  font-family: Source Sans Pro,-apple-system,BlinkMacSystemFont,'Segoe UI',Roboto,Oxygen,Ubuntu,Cantarell,'Open Sans','Helvetica Neue',sans-serif;
  font-weight: 600;
  border: none;
  cursor: pointer;
  border-radius: 0.4rem;
  padding: 0.8rem;
  -webkit-text-decoration: none;
  text-decoration: none;
  white-space: nowrap;
  height: 3.6rem;
  font-size: 1.4rem;
}

.c3:hover {
  color: #FAFAFA;
  background: #df2e46;
}

.c2 {
  display: none;
}

.c0 {
  height: 68px;
  left: 242px;
  top: 574px;
  color: #000;
  background-color: #ffffff;
  border-radius: 8px;
  max-width: 96rem;
  width: 100%;
  display: -webkit-box;
  display: -webkit-flex;
  display: -ms-flexbox;
  display: flex;
  -webkit-align-items: center;
  -webkit-box-align: center;
  -ms-flex-align: center;
  align-items: center;
  -webkit-box-pack: justify;
  -webkit-justify-content: space-between;
  -ms-flex-pack: justify;
  justify-content: space-between;
  padding: 24px;
  opacity: 1;
}

.c1 {
  display: -webkit-box;
  display: -webkit-flex;
  display: -ms-flexbox;
  display: flex;
  -webkit-align-items: center;
  -webkit-box-align: center;
  -ms-flex-align: center;
  align-items: center;
}

.c1 strong {
  margin-right: 8px;
}

.c1 span {
  display: -webkit-box;
  display: -webkit-flex;
  display: -ms-flexbox;
  display: flex;
  font-weight: 600;
  font-size: 1.2rem;
  -webkit-align-items: center;
  -webkit-box-align: center;
  -ms-flex-align: center;
  align-items: center;
  color: rgb(250,250,250);
  padding: 0.2rem 0.6rem;
  border-radius: 1.2rem;
  background: #3cd3c1;
}

.c1 button {
  background: #3cd3c1;
}

@media (min-width:450px) {
  .c2 {
    display: block;
  }
}

<li
  class="c0"
>
  <div
    class="c1"
  >
    <strong>
      namixer.com
    </strong>
    <div
      class="c2"
    >
      <span>
        <span>
          AVAILABLE
        </span>
      </span>
    </div>
  </div>
  <div>
    <button
      class="c3"
      href="http://www.anrdoezrs.net/links/100555377/type/dlg/https://www.namecheap.com/domains/registration/results.aspx?domain=namixer.com"
      target="_blank"
    >
      <span>
        Register it!
      </span>
    </button>
  </div>
</li>
`
